Γû▓ Next.js 16.1.6 (Turbopack)
- Environments: .env.local

  Creating an optimized production build ...
node.exe : 
At line:1 char:1
+ & 
"G:\Nodejs/node.exe" 
"G:\Nodejs/node_modul
es/npm/bin/npx-cli.js
" ne ...
+ ~~~~~~~~~~~~~~~~~~~
~~~~~~~~~~~~~~~~~~~~~
~~~~~~~~~~~~~~~~~~~~~
~~~~~~~~
    + CategoryInfo   
           : NotSpe  
  cified: (:String   
 ) [], RemoteExce    
ption
    + FullyQualified 
   ErrorId : Native  
  CommandError
 
> Build error 
occurred
Error: Turbopack 
build failed with 2 
errors:
./src/app/login/page.
tsx:7:1
Module not found: 
Can't resolve '@hookf
orm/resolvers/zod'
[0m [90m  5 |[39m 
[36mimport[39m 
[33mLink[39m 
[36mfrom[39m [32m"
next/link"[39m[33m;
[39m
 [90m  6 |[39m 
[36mimport[39m { 
useForm } 
[36mfrom[39m [32m"
react-hook-form"[39m
[33m;[39m
[31m[1m>[22m[39m
[90m  7 |[39m 
[36mimport[39m { 
zodResolver } 
[36mfrom[39m [32m"
@hookform/resolvers/z
od"[39m[33m;[39m
 [90m    |[39m [31
m[1m^[22m[39m[31m
[1m^[22m[39m[31m
[1m^[22m[39m[31m[
1m^[22m[39m[31m[1
m^[22m[39m[31m[1m
^[22m[39m[31m[1m^
[22m[39m[31m[1m^
[22m[39m[31m[1m^[
22m[39m[31m[1m^[2
2m[39m[31m[1m^[22
m[39m[31m[1m^[22m
[39m[31m[1m^[22m
[39m[31m[1m^[22m[
39m[31m[1m^[22m[3
9m[31m[1m^[22m[39
m[31m[1m^[22m[39m
[31m[1m^[22m[39m
[31m[1m^[22m[39m[
31m[1m^[22m[39m[3
1m[1m^[22m[39m[31
m[1m^[22m[39m[31m
[1m^[22m[39m[31m
[1m^[22m[39m[31m[
1m^[22m[39m[31m[1
m^[22m[39m[31m[1m
^[22m[39m[31m[1m^
[22m[39m[31m[1m^
[22m[39m[31m[1m^[
22m[39m[31m[1m^[2
2m[39m[31m[1m^[22
m[39m[31m[1m^[22m
[39m[31m[1m^[22m
[39m[31m[1m^[22m[
39m[31m[1m^[22m[3
9m[31m[1m^[22m[39
m[31m[1m^[22m[39m
[31m[1m^[22m[39m
[31m[1m^[22m[39m[
31m[1m^[22m[39m[3
1m[1m^[22m[39m[31
m[1m^[22m[39m[31m
[1m^[22m[39m[31m
[1m^[22m[39m[31m[
1m^[22m[39m[31m[1
m^[22m[39m[31m[1m
^[22m[39m[31m[1m^
[22m[39m[31m[1m^
[22m[39m[31m[1m^[
22m[39m[31m[1m^[2
2m[39m[31m[1m^[22
m[39m[31m[1m^[22m
[39m
 [90m  8 |[39m 
[36mimport[39m { z 
} [36mfrom[39m [32
m"zod"[39m[33m;[39
m
 [90m  9 |[39m 
[36mimport[39m { 
[33mDumbbell[39m } 
[36mfrom[39m [32m"
lucide-react"[39m[3
3m;[39m
 [90m 10 |[39m 
[36mimport[39m { 
useAuth } 
[36mfrom[39m [32m"
@/contexts/AuthContex
t"[39m[33m;[39m[0
m



Import traces:
  Client Component 
Browser:
    ./src/app/login/p
age.tsx [Client 
Component Browser]
    ./src/app/login/p
age.tsx [Server 
Component]

  Client Component 
SSR:
    ./src/app/login/p
age.tsx [Client 
Component SSR]
    ./src/app/login/p
age.tsx [Server 
Component]

https://nextjs.org/do
cs/messages/module-no
t-found


./src/app/signup/page
.tsx:7:1
Module not found: 
Can't resolve '@hookf
orm/resolvers/zod'
[0m [90m  5 |[39m 
[36mimport[39m 
[33mLink[39m 
[36mfrom[39m [32m"
next/link"[39m[33m;
[39m
 [90m  6 |[39m 
[36mimport[39m { 
useForm } 
[36mfrom[39m [32m"
react-hook-form"[39m
[33m;[39m
[31m[1m>[22m[39m
[90m  7 |[39m 
[36mimport[39m { 
zodResolver } 
[36mfrom[39m [32m"
@hookform/resolvers/z
od"[39m[33m;[39m
 [90m    |[39m [31
m[1m^[22m[39m[31m
[1m^[22m[39m[31m
[1m^[22m[39m[31m[
1m^[22m[39m[31m[1
m^[22m[39m[31m[1m
^[22m[39m[31m[1m^
[22m[39m[31m[1m^
[22m[39m[31m[1m^[
22m[39m[31m[1m^[2
2m[39m[31m[1m^[22
m[39m[31m[1m^[22m
[39m[31m[1m^[22m
[39m[31m[1m^[22m[
39m[31m[1m^[22m[3
9m[31m[1m^[22m[39
m[31m[1m^[22m[39m
[31m[1m^[22m[39m
[31m[1m^[22m[39m[
31m[1m^[22m[39m[3
1m[1m^[22m[39m[31
m[1m^[22m[39m[31m
[1m^[22m[39m[31m
[1m^[22m[39m[31m[
1m^[22m[39m[31m[1
m^[22m[39m[31m[1m
^[22m[39m[31m[1m^
[22m[39m[31m[1m^
[22m[39m[31m[1m^[
22m[39m[31m[1m^[2
2m[39m[31m[1m^[22
m[39m[31m[1m^[22m
[39m[31m[1m^[22m
[39m[31m[1m^[22m[
39m[31m[1m^[22m[3
9m[31m[1m^[22m[39
m[31m[1m^[22m[39m
[31m[1m^[22m[39m
[31m[1m^[22m[39m[
31m[1m^[22m[39m[3
1m[1m^[22m[39m[31
m[1m^[22m[39m[31m
[1m^[22m[39m[31m
[1m^[22m[39m[31m[
1m^[22m[39m[31m[1
m^[22m[39m[31m[1m
^[22m[39m[31m[1m^
[22m[39m[31m[1m^
[22m[39m[31m[1m^[
22m[39m[31m[1m^[2
2m[39m[31m[1m^[22
m[39m[31m[1m^[22m
[39m
 [90m  8 |[39m 
[36mimport[39m { z 
} [36mfrom[39m [32
m"zod"[39m[33m;[39
m
 [90m  9 |[39m 
[36mimport[39m { [
33mDumbbell[39m[33m
,[39m [33mEye[39m
[33m,[39m 
[33mEyeOff[39m } 
[36mfrom[39m [32m"
lucide-react"[39m[3
3m;[39m
 [90m 10 |[39m 
[36mimport[39m { 
useAuth } 
[36mfrom[39m [32m"
@/contexts/AuthContex
t"[39m[33m;[39m[0
m



Import traces:
  Client Component 
Browser:
    ./src/app/signup/
page.tsx [Client 
Component Browser]
    ./src/app/signup/
page.tsx [Server 
Component]

  Client Component 
SSR:
    ./src/app/signup/
page.tsx [Client 
Component SSR]
    ./src/app/signup/
page.tsx [Server 
Component]

https://nextjs.org/do
cs/messages/module-no
t-found


    at <unknown> (./s
rc/app/login/page.tsx
:7:1)
    at <unknown> (htt
ps://nextjs.org/docs/
messages/module-not-f
ound)
    at <unknown> (./s
rc/app/signup/page.ts
x:7:1)
    at <unknown> (htt
ps://nextjs.org/docs/
messages/module-not-f
ound)
